// Jest Snapshot v1, https://jestjs.io/docs/snapshot-testing

exports[`Math Home page snapshot renders home page 1`] = `
<div>
  <span>
    Home placeholder
  </span>
</div>
`;
